{
  "Id": "11111111-1111-1111-1111-111111111111",
  "Cliente": "Detalhe",
  "Produto": "Produto Detalhe",
  "Valor": 1500,
  "Status": "Pendente",
  "DataCriacao": "2025-09-20T21:00:00Z",
  "StatusHistories": []
}