[
  {
    "Id": "11111111-1111-1111-1111-111111111111",
    "Cliente": "Cliente 1",
    "Produto": "Produto 1",
    "Valor": 1000,
    "Status": "Pendente",
    "DataCriacao": "2025-09-20T21:00:00Z",
    "StatusHistories": []
  },
  {
    "Id": "22222222-2222-2222-2222-222222222222",
    "Cliente": "Cliente 2",
    "Produto": "Produto 2",
    "Valor": 2000,
    "Status": "Pendente",
    "DataCriacao": "2025-09-20T21:00:00Z",
    "StatusHistories": []
  }
]