{
  "Id": 1,
  "AggregateId": "11111111-1111-1111-1111-111111111111",
  "Type": "OrderCreated",
  "Payload": "{\"Id\":\"11111111-1111-1111-1111-111111111111\",\"Cliente\":\"Teste\",\"Produto\":\"Notebook\",\"Valor\":2500,\"Status\":\"Pendente\",\"DataCriacao\":\"2025-09-20T21:00:00Z\",\"StatusHistories\":[]}",
  "CorrelationId": "11111111-1111-1111-1111-111111111111",
  "CreatedAt": "2025-09-20T21:00:00Z",
  "ProcessedAt": null
}