{
  "Id": "161fbd37-7a1f-4b30-85aa-123456789abc",
  "Status": "Finalizado"
}